Reusing configuration cache.
> Task :app:preBuild UP-TO-DATE
> Task :app:preDebugBuild UP-TO-DATE
> Task :app:generateDebugResources UP-TO-DATE
> Task :app:generateDebugBuildConfig UP-TO-DATE
> Task :app:processDebugGoogleServices UP-TO-DATE
> Task :app:packageDebugResources UP-TO-DATE
> Task :app:processDebugNavigationResources UP-TO-DATE
> Task :app:kspDebugKotlin UP-TO-DATE
> Task :app:parseDebugLocalResources UP-TO-DATE
> Task :app:generateDebugRFile UP-TO-DATE

> Task :app:compileDebugKotlin
.\gradlew : e: file:///E:/final%20project/app/src/main/java/com/iti/linguaquest/features/review/data/datasource/ReviewR
emoteDataSource.kt:15:20 Expression 'instance' of type 'FirebaseAI' cannot be invoked as a function. Function 
'invoke()' is not found.
At line:1 char:93
+ ... .WebProxy($env:HTTP_PROXY); .\gradlew compileDebugKotlin 2>&1 | Out-F ...
+                                 ~~~~~~~~~~~~~~~~~~~~~~~~~~~~~~~~~
    + CategoryInfo          : NotSpecified: (e: file:///E:/f...' is not found.:String) [], RemoteException
    + FullyQualifiedErrorId : NativeCommandError
 
e: file:///E:/final%20project/app/src/main/java/com/iti/linguaquest/features/review/data/datasource/ReviewRemoteDataSou
rce.kt:16:14 Unresolved reference 'generativeModel'.

> Task :app:compileDebugKotlin FAILED

FAILURE: Build failed with an exception.

* What went wrong:
Execution failed for task ':app:compileDebugKotlin'.
> A failure occurred while executing 
org.jetbrains.kotlin.compilerRunner.GradleCompilerRunnerWithWorkers$GradleKotlinCompilerWorkAction
   > Compilation error. See log for more details

* Try:
> Run with --stacktrace option to get the stack trace.
> Run with --info or --debug option to get more log output.
> Run with --scan to get full insights from a Build Scan (powered by Develocity).
> Get more help at https://help.gradle.org.

BUILD FAILED in 32s
9 actionable tasks: 1 executed, 8 up-to-date
Configuration cache entry reused.
